|    | tpep_pickup_datetime   | tpep_dropoff_datetime   |   trip_distance |   fare_amount |   pickup_zip |   dropoff_zip |
|---:|:-----------------------|:------------------------|----------------:|--------------:|-------------:|--------------:|
|  0 | 2016-01-04 18:58:23    | 2016-01-04 18:58:45     |            0    |           105 |         7114 |          7114 |
|  1 | 2016-01-16 18:09:15    | 2016-01-16 18:09:23     |            0    |           105 |         7310 |          7310 |
|  2 | 2016-01-28 17:36:17    | 2016-01-28 18:27:48     |           21.3  |           115 |        10017 |         11042 |
|  3 | 2016-01-30 22:28:42    | 2016-01-30 22:30:14     |            0    |           188 |         7974 |          7974 |
|  4 | 2016-02-12 20:55:19    | 2016-02-12 21:52:38     |           20.85 |           275 |        10013 |          7008 |
|  5 | 2016-02-17 22:23:14    | 2016-02-17 23:06:15     |           25.46 |           130 |        10103 |          7901 |
|  6 | 2016-02-29 12:16:16    | 2016-02-29 12:16:53     |            0    |           260 |         8876 |          8876 |
